[    2482ms] [INFO] %cDownload the React DevTools for a better development experience: https://react.dev/link/react-devtools font-weight:bold @ http://localhost:3100/_next/static/chunks/node_modules_next_dist_1e8vcs8._.js:776
[    2492ms] [LOG] [HMR] connected @ http://localhost:3100/_next/static/chunks/node_modules_next_dist_1e8vcs8._.js:776
[  116141ms] [LOG] [Fast Refresh] rebuilding @ http://localhost:3100/_next/static/chunks/node_modules_next_dist_1e8vcs8._.js:776
[  116207ms] [LOG] [Fast Refresh] done in 2ms @ http://localhost:3100/_next/static/chunks/node_modules_next_dist_1e8vcs8._.js:776
[  116410ms] [LOG] [Fast Refresh] rebuilding @ http://localhost:3100/_next/static/chunks/node_modules_next_dist_1e8vcs8._.js:776
[  116683ms] [LOG] [Fast Refresh] done in 374ms @ http://localhost:3100/_next/static/chunks/node_modules_next_dist_1e8vcs8._.js:776
[  116971ms] [LOG] [Fast Refresh] rebuilding @ http://localhost:3100/_next/static/chunks/node_modules_next_dist_1e8vcs8._.js:776
[  117256ms] [LOG] [Fast Refresh] done in 386ms @ http://localhost:3100/_next/static/chunks/node_modules_next_dist_1e8vcs8._.js:776
[  117258ms] [ERROR] Failed to load resource: the server responded with a status of 500 (Internal Server Error) @ http://localhost:3100/ru?_rsc=pl3pDkymr9WknWy5:0
[  117362ms] [ERROR] Failed to load resource: the server responded with a status of 500 (Internal Server Error) @ http://localhost:3100/ru:0
[  117562ms] [INFO] %cDownload the React DevTools for a better development experience: https://react.dev/link/react-devtools font-weight:bold @ http://localhost:3100/_next/static/chunks/node_modules_react-dom_0kla17-._.js:15093
[  117600ms] Error: Jest worker encountered 2 child process exceptions, exceeding retry limit
    at ChildProcessWorker.initialize (file://C:\Users\Shadow Monarch\Desktop\frilans\NewLife\motora-shop\node_modules\next\dist\compiled\jest-worker\index.js:1:11579)
    at ChildProcessWorker._onExit (file://C:\Users\Shadow Monarch\Desktop\frilans\NewLife\motora-shop\node_modules\next\dist\compiled\jest-worker\index.js:1:12544)
    at ChildProcess.emit (node:events:519:28)
    at ChildProcess._handle.onexit (node:internal/child_process:293:12)
    at Process.callbackTrampoline (node:internal/async_hooks:130:17)
[  117606ms] [LOG] [HMR] connected @ http://localhost:3100/_next/static/chunks/node_modules_next_dist_1gdrd03._.js:756
[  117833ms] [ERROR] Failed to load resource: the server responded with a status of 500 (Internal Server Error) @ http://localhost:3100/ru:0
[  117907ms] [INFO] %cDownload the React DevTools for a better development experience: https://react.dev/link/react-devtools font-weight:bold @ http://localhost:3100/_next/static/chunks/node_modules_react-dom_0kla17-._.js:15093
[  117910ms] Error: Jest worker encountered 2 child process exceptions, exceeding retry limit
    at ChildProcessWorker.initialize (file://C:\Users\Shadow Monarch\Desktop\frilans\NewLife\motora-shop\node_modules\next\dist\compiled\jest-worker\index.js:1:11579)
    at ChildProcessWorker._onExit (file://C:\Users\Shadow Monarch\Desktop\frilans\NewLife\motora-shop\node_modules\next\dist\compiled\jest-worker\index.js:1:12544)
    at ChildProcess.emit (node:events:519:28)
    at ChildProcess._handle.onexit (node:internal/child_process:293:12)
    at Process.callbackTrampoline (node:internal/async_hooks:130:17)
[  117925ms] [LOG] [HMR] connected @ http://localhost:3100/_next/static/chunks/node_modules_next_dist_1gdrd03._.js:756
[  118983ms] [ERROR] Failed to load resource: the server responded with a status of 500 (Internal Server Error) @ http://localhost:3100/ru:0
[  119024ms] [INFO] %cDownload the React DevTools for a better development experience: https://react.dev/link/react-devtools font-weight:bold @ http://localhost:3100/_next/static/chunks/node_modules_react-dom_0kla17-._.js:15093
[  119028ms] Error: Jest worker encountered 2 child process exceptions, exceeding retry limit
    at ChildProcessWorker.initialize (file://C:\Users\Shadow Monarch\Desktop\frilans\NewLife\motora-shop\node_modules\next\dist\compiled\jest-worker\index.js:1:11579)
    at ChildProcessWorker._onExit (file://C:\Users\Shadow Monarch\Desktop\frilans\NewLife\motora-shop\node_modules\next\dist\compiled\jest-worker\index.js:1:12544)
    at ChildProcess.emit (node:events:519:28)
    at ChildProcess._handle.onexit (node:internal/child_process:293:12)
    at Process.callbackTrampoline (node:internal/async_hooks:130:17)
[  119038ms] [LOG] [HMR] connected @ http://localhost:3100/_next/static/chunks/node_modules_next_dist_1gdrd03._.js:756
[  123170ms] [ERROR] Failed to load resource: the server responded with a status of 500 (Internal Server Error) @ http://localhost:3100/ru:0
[  123313ms] [INFO] %cDownload the React DevTools for a better development experience: https://react.dev/link/react-devtools font-weight:bold @ http://localhost:3100/_next/static/chunks/node_modules_react-dom_0kla17-._.js:15093
[  123316ms] Error: Jest worker encountered 2 child process exceptions, exceeding retry limit
    at ChildProcessWorker.initialize (file://C:\Users\Shadow Monarch\Desktop\frilans\NewLife\motora-shop\node_modules\next\dist\compiled\jest-worker\index.js:1:11579)
    at ChildProcessWorker._onExit (file://C:\Users\Shadow Monarch\Desktop\frilans\NewLife\motora-shop\node_modules\next\dist\compiled\jest-worker\index.js:1:12544)
    at ChildProcess.emit (node:events:519:28)
    at ChildProcess._handle.onexit (node:internal/child_process:293:12)
    at Process.callbackTrampoline (node:internal/async_hooks:130:17)
[  123321ms] [LOG] [HMR] connected @ http://localhost:3100/_next/static/chunks/node_modules_next_dist_1gdrd03._.js:756
